---
source: crates/shwasi-lang/src/parser/mod.rs
expression: ast
---
Ast {
    statements: [
        Pipeline(
            Pipeline {
                commands: [
                    Command {
                        name: "echo",
                        args: [
                            String(
                                "hi",
                            ),
                        ],
                    },
                ],
                write: Some(
                    PipelineEnd {
                        kind: Write,
                        expr: String(
                            "file.txt",
                        ),
                    },
                ),
            },
        ),
        Pipeline(
            Pipeline {
                commands: [
                    Command {
                        name: "echo",
                        args: [
                            String(
                                "hello world",
                            ),
                        ],
                    },
                    Command {
                        name: "wc",
                        args: [
                            String(
                                "-w",
                            ),
                        ],
                    },
                    Command {
                        name: "xargs",
                        args: [],
                    },
                ],
                write: Some(
                    PipelineEnd {
                        kind: Write,
                        expr: Infix(
                            InfixExpr {
                                lhs: String(
                                    "test",
                                ),
                                rhs: String(
                                    ".txt",
                                ),
                                op: Add,
                            },
                        ),
                    },
                ),
            },
        ),
    ],
}
